// Jest Snapshot v1, https://goo.gl/fbAQLP

exports[`PersonalInformation should render the item 1`] = `
<View
  collapsable={false}
  style={
    Object {
      "shadowColor": "#000",
      "shadowOffset": Object {
        "height": 1,
        "width": 0,
      },
      "shadowOpacity": 0.15,
      "shadowRadius": 3,
    }
  }
>
  <View
    collapsable={false}
    style={
      Object {
        "shadowColor": "#000",
        "shadowOffset": Object {
          "height": 1,
          "width": 0,
        },
        "shadowOpacity": 0.3,
        "shadowRadius": 1,
      }
    }
  >
    <View
      collapsable={false}
      style={
        Object {
          "backgroundColor": "rgba(255, 251, 254, 1)",
          "borderColor": "#E3E2E7",
          "borderRadius": 4,
          "borderWidth": 1,
          "elevation": 1,
          "marginHorizontal": 10,
          "marginVertical": 5,
        }
      }
    >
      <View
        accessibilityState={
          Object {
            "disabled": true,
          }
        }
        accessible={true}
        focusable={false}
        onClick={[Function]}
        onResponderGrant={[Function]}
        onResponderMove={[Function]}
        onResponderRelease={[Function]}
        onResponderTerminate={[Function]}
        onResponderTerminationRequest={[Function]}
        onStartShouldSetResponder={[Function]}
        style={
          Object {
            "flexGrow": 1,
            "flexShrink": 1,
          }
        }
        testID="personalInformation"
      >
        <View
          style={
            Array [
              Object {
                "paddingHorizontal": 16,
              },
              Object {
                "paddingVertical": 16,
              },
              undefined,
            ]
          }
        >
          <View
            style={
              Object {
                "alignItems": "center",
                "flexDirection": "row",
                "justifyContent": "space-between",
              }
            }
          >
            <Text
              style={
                Object {
                  "color": "#364A15",
                  "fontSize": 16,
                  "fontWeight": "600",
                }
              }
            >
              Personal Information
            </Text>
            <View
              collapsable={false}
              style={
                Object {
                  "shadowColor": "#000",
                  "shadowOffset": Object {
                    "height": 0,
                    "width": 0,
                  },
                  "shadowOpacity": 0,
                  "shadowRadius": 0,
                }
              }
            >
              <View
                collapsable={false}
                style={
                  Object {
                    "shadowColor": "#000",
                    "shadowOffset": Object {
                      "height": 0,
                      "width": 0,
                    },
                    "shadowOpacity": 0,
                    "shadowRadius": 0,
                  }
                }
              >
                <View
                  collapsable={false}
                  style={
                    Object {
                      "backgroundColor": "transparent",
                      "borderColor": "transparent",
                      "borderRadius": 20,
                      "borderStyle": "solid",
                      "borderWidth": 0,
                      "minWidth": 64,
                    }
                  }
                >
                  <View
                    accessibilityRole="button"
                    accessibilityState={
                      Object {
                        "disabled": true,
                      }
                    }
                    accessible={true}
                    focusable={false}
                    onClick={[Function]}
                    onResponderGrant={[Function]}
                    onResponderMove={[Function]}
                    onResponderRelease={[Function]}
                    onResponderTerminate={[Function]}
                    onResponderTerminationRequest={[Function]}
                    onStartShouldSetResponder={[Function]}
                    style={
                      Array [
                        Object {
                          "overflow": "hidden",
                        },
                        Object {
                          "borderRadius": 20,
                        },
                      ]
                    }
                    testID="editPersonalInfo"
                  >
                    <View
                      style={
                        Array [
                          Object {
                            "alignItems": "center",
                            "flexDirection": "row",
                            "justifyContent": "center",
                          },
                          undefined,
                        ]
                      }
                    >
                      <Text
                        numberOfLines={1}
                        selectable={false}
                        style={
                          Array [
                            Object {
                              "color": "rgba(28, 27, 31, 1)",
                              "fontSize": 14,
                              "fontWeight": "500",
                              "letterSpacing": 0.1,
                              "lineHeight": 20,
                            },
                            Object {
                              "textAlign": "left",
                            },
                            Object {
                              "writingDirection": "ltr",
                            },
                            Array [
                              Object {
                                "marginHorizontal": 16,
                                "marginVertical": 9,
                                "textAlign": "center",
                              },
                              false,
                              Object {
                                "marginHorizontal": 12,
                              },
                              undefined,
                              false,
                              Object {
                                "color": "rgba(103, 80, 164, 1)",
                                "fontFamily": "System",
                                "fontSize": 14,
                                "fontWeight": "500",
                                "letterSpacing": 0.1,
                                "lineHeight": 20,
                              },
                              Object {
                                "color": "#008D3E",
                              },
                            ],
                          ]
                        }
                      >
                        Edit
                      </Text>
                    </View>
                  </View>
                </View>
              </View>
            </View>
          </View>
          <View
            style={
              Object {
                "flexDirection": "row",
                "marginVertical": 5,
              }
            }
            testID="infoTextComponentId"
          >
            <Text
              style={
                Object {
                  "color": "#808080",
                  "fontSize": 14,
                  "fontWeight": "400",
                }
              }
            >
              Name:  
            </Text>
            <Text
              style={
                Object {
                  "color": "#364A15",
                  "fontSize": 14,
                  "fontWeight": "600",
                }
              }
            >
              User name
            </Text>
          </View>
          <View
            style={
              Object {
                "flexDirection": "row",
                "marginVertical": 5,
              }
            }
            testID="infoTextComponentId"
          >
            <Text
              style={
                Object {
                  "color": "#808080",
                  "fontSize": 14,
                  "fontWeight": "400",
                }
              }
            >
              Email:  
            </Text>
            <Text
              style={
                Object {
                  "color": "#364A15",
                  "fontSize": 14,
                  "fontWeight": "600",
                }
              }
            >
              user_mail@gmail.com
            </Text>
          </View>
          <View
            style={
              Object {
                "flexDirection": "row",
                "marginVertical": 5,
              }
            }
            testID="infoTextComponentId"
          >
            <Text
              style={
                Object {
                  "color": "#808080",
                  "fontSize": 14,
                  "fontWeight": "400",
                }
              }
            >
              Mobile:  
            </Text>
            <Text
              style={
                Object {
                  "color": "#364A15",
                  "fontSize": 14,
                  "fontWeight": "600",
                }
              }
            >
              +91 0000000000
            </Text>
          </View>
          <View
            style={
              Object {
                "flexDirection": "row",
                "marginVertical": 5,
              }
            }
            testID="infoTextComponentId"
          >
            <Text
              style={
                Object {
                  "color": "#808080",
                  "fontSize": 14,
                  "fontWeight": "400",
                }
              }
            >
              Alternate Mobile:  
            </Text>
            <Text
              style={
                Object {
                  "color": "#364A15",
                  "fontSize": 14,
                  "fontWeight": "600",
                }
              }
            >
              +91 0000000000
            </Text>
          </View>
        </View>
      </View>
    </View>
  </View>
</View>
`;
