// Jest Snapshot v1, https://goo.gl/fbAQLP

exports[`BasketItem should render the item 1`] = `
<View
  style={
    Object {
      "marginHorizontal": 10,
    }
  }
  testID="basketItem"
>
  <View
    style={
      Object {
        "alignItems": "center",
        "flexDirection": "row",
        "justifyContent": "space-between",
      }
    }
  >
    <Text
      style={
        Array [
          Object {
            "color": "rgba(28, 27, 31, 1)",
            "fontSize": 22,
            "fontWeight": "400",
            "letterSpacing": 0,
            "lineHeight": 28,
          },
          Object {
            "textAlign": "left",
          },
          Object {
            "writingDirection": "ltr",
          },
          Object {
            "fontSize": 20,
            "marginBottom": 9,
          },
        ]
      }
    >
      Items
    </Text>
    <View
      accessible={true}
      collapsable={false}
      focusable={true}
      onBlur={[Function]}
      onClick={[Function]}
      onFocus={[Function]}
      onResponderGrant={[Function]}
      onResponderMove={[Function]}
      onResponderRelease={[Function]}
      onResponderTerminate={[Function]}
      onResponderTerminationRequest={[Function]}
      onStartShouldSetResponder={[Function]}
      testID="handlePressBasketItem"
    >
      <Text
        style={
          Array [
            Object {
              "color": "rgba(28, 27, 31, 1)",
              "fontSize": 16,
              "fontWeight": "500",
              "letterSpacing": 0.15,
              "lineHeight": 24,
            },
            Object {
              "textAlign": "left",
            },
            Object {
              "writingDirection": "ltr",
            },
            Object {
              "color": "#008D3E",
              "fontSize": 14,
              "marginBottom": 9,
              "textDecorationLine": "underline",
            },
          ]
        }
      >
        Remove All
      </Text>
    </View>
  </View>
  <View>
    <View>
      <View
        style={
          Object {
            "flexDirection": "row",
            "justifyContent": "space-between",
          }
        }
      >
        <View
          style={
            Object {
              "flexDirection": "row",
            }
          }
        >
          <Image
            source={
              Object {
                "uri": "https://burst.shopifycdn.com/photos/fruit-plate.jpg?width=373&height=373&format=pjpg&exif=1&iptc=1",
              }
            }
            style={
              Object {
                "height": 250,
                "width": 240,
              }
            }
            testID="basketProductImage"
          />
          <View
            style={
              Object {
                "flexDirection": "column",
                "justifyContent": "space-between",
                "marginHorizontal": 15,
              }
            }
          >
            <View>
              <Text
                style={
                  Array [
                    Object {
                      "color": "rgba(28, 27, 31, 1)",
                      "fontSize": 22,
                      "fontWeight": "400",
                      "letterSpacing": 0,
                      "lineHeight": 28,
                    },
                    Object {
                      "textAlign": "left",
                    },
                    Object {
                      "writingDirection": "ltr",
                    },
                    Object {
                      "color": "#364A15",
                      "fontSize": 14,
                      "fontWeight": "900",
                    },
                  ]
                }
                testID="productName"
              >
                Baby Yellow Pepper
              </Text>
              <Text
                style={
                  Array [
                    Object {
                      "color": "rgba(28, 27, 31, 1)",
                      "fontSize": 22,
                      "fontWeight": "400",
                      "letterSpacing": 0,
                      "lineHeight": 28,
                    },
                    Object {
                      "textAlign": "left",
                    },
                    Object {
                      "writingDirection": "ltr",
                    },
                    Object {
                      "color": "#808080",
                      "fontSize": 12,
                      "fontWeight": "400",
                    },
                  ]
                }
                testID="productPacking"
              >
                500 gms
              </Text>
            </View>
            <View
              style={
                Object {
                  "alignItems": "center",
                  "backgroundColor": "#F1F9F4",
                  "flexDirection": "row",
                  "height": 42,
                  "justifyContent": "center",
                  "width": 120,
                }
              }
            >
              <View
                collapsable={false}
                style={
                  Object {
                    "shadowColor": "#000",
                    "shadowOffset": Object {
                      "height": 0,
                      "width": 0,
                    },
                    "shadowOpacity": 0,
                    "shadowRadius": 0,
                  }
                }
              >
                <View
                  collapsable={false}
                  style={
                    Object {
                      "shadowColor": "#000",
                      "shadowOffset": Object {
                        "height": 0,
                        "width": 0,
                      },
                      "shadowOpacity": 0,
                      "shadowRadius": 0,
                    }
                  }
                >
                  <View
                    collapsable={false}
                    style={
                      Object {
                        "backgroundColor": undefined,
                        "borderColor": "rgba(121, 116, 126, 1)",
                        "borderRadius": 0,
                        "borderWidth": 0,
                        "elevation": 0,
                        "height": 42,
                        "margin": 6,
                        "overflow": "hidden",
                        "width": 36,
                      }
                    }
                  >
                    <View
                      accessibilityRole="button"
                      accessibilityState={
                        Object {
                          "disabled": false,
                        }
                      }
                      accessible={true}
                      focusable={true}
                      hitSlop={
                        Object {
                          "bottom": 6,
                          "left": 6,
                          "right": 6,
                          "top": 6,
                        }
                      }
                      onClick={[Function]}
                      onResponderGrant={[Function]}
                      onResponderMove={[Function]}
                      onResponderRelease={[Function]}
                      onResponderTerminate={[Function]}
                      onResponderTerminationRequest={[Function]}
                      onStartShouldSetResponder={[Function]}
                      style={
                        Array [
                          Object {
                            "overflow": "hidden",
                          },
                          Object {
                            "alignItems": "center",
                            "flexGrow": 1,
                            "justifyContent": "center",
                          },
                        ]
                      }
                    >
                      <Text
                        accessibilityElementsHidden={true}
                        allowFontScaling={false}
                        importantForAccessibility="no-hide-descendants"
                        pointerEvents="none"
                        selectable={false}
                        style={
                          Array [
                            Object {
                              "color": "#008D3E",
                              "fontSize": 20,
                            },
                            Array [
                              Object {
                                "lineHeight": 20,
                                "transform": Array [
                                  Object {
                                    "scaleX": 1,
                                  },
                                ],
                              },
                              Object {
                                "backgroundColor": "transparent",
                              },
                            ],
                            Object {
                              "fontFamily": "Material Design Icons",
                              "fontStyle": "normal",
                              "fontWeight": "normal",
                            },
                            Object {},
                          ]
                        }
                      >
                        Û∞ç¥
                      </Text>
                    </View>
                  </View>
                </View>
              </View>
              <Text
                style={
                  Array [
                    Object {
                      "color": "rgba(28, 27, 31, 1)",
                    },
                    Object {
                      "textAlign": "left",
                    },
                    Object {
                      "color": "#364A15",
                      "fontSize": 14,
                      "fontWeight": "600",
                      "marginHorizontal": 5,
                    },
                  ]
                }
              >
                2
              </Text>
              <View
                collapsable={false}
                style={
                  Object {
                    "shadowColor": "#000",
                    "shadowOffset": Object {
                      "height": 0,
                      "width": 0,
                    },
                    "shadowOpacity": 0,
                    "shadowRadius": 0,
                  }
                }
              >
                <View
                  collapsable={false}
                  style={
                    Object {
                      "shadowColor": "#000",
                      "shadowOffset": Object {
                        "height": 0,
                        "width": 0,
                      },
                      "shadowOpacity": 0,
                      "shadowRadius": 0,
                    }
                  }
                >
                  <View
                    collapsable={false}
                    style={
                      Object {
                        "backgroundColor": undefined,
                        "borderColor": "rgba(121, 116, 126, 1)",
                        "borderRadius": 0,
                        "borderWidth": 0,
                        "elevation": 0,
                        "height": 42,
                        "margin": 6,
                        "overflow": "hidden",
                        "width": 36,
                      }
                    }
                  >
                    <View
                      accessibilityRole="button"
                      accessibilityState={
                        Object {
                          "disabled": false,
                        }
                      }
                      accessible={true}
                      focusable={true}
                      hitSlop={
                        Object {
                          "bottom": 6,
                          "left": 6,
                          "right": 6,
                          "top": 6,
                        }
                      }
                      onClick={[Function]}
                      onResponderGrant={[Function]}
                      onResponderMove={[Function]}
                      onResponderRelease={[Function]}
                      onResponderTerminate={[Function]}
                      onResponderTerminationRequest={[Function]}
                      onStartShouldSetResponder={[Function]}
                      style={
                        Array [
                          Object {
                            "overflow": "hidden",
                          },
                          Object {
                            "alignItems": "center",
                            "flexGrow": 1,
                            "justifyContent": "center",
                          },
                        ]
                      }
                    >
                      <Text
                        accessibilityElementsHidden={true}
                        allowFontScaling={false}
                        importantForAccessibility="no-hide-descendants"
                        pointerEvents="none"
                        selectable={false}
                        style={
                          Array [
                            Object {
                              "color": "#008D3E",
                              "fontSize": 20,
                            },
                            Array [
                              Object {
                                "lineHeight": 20,
                                "transform": Array [
                                  Object {
                                    "scaleX": 1,
                                  },
                                ],
                              },
                              Object {
                                "backgroundColor": "transparent",
                              },
                            ],
                            Object {
                              "fontFamily": "Material Design Icons",
                              "fontStyle": "normal",
                              "fontWeight": "normal",
                            },
                            Object {},
                          ]
                        }
                      >
                        Û∞êï
                      </Text>
                    </View>
                  </View>
                </View>
              </View>
            </View>
          </View>
        </View>
        <View
          style={
            Object {
              "alignContent": "flex-end",
              "alignItems": "flex-end",
              "flexDirection": "row",
            }
          }
        >
          <Text
            style={
              Array [
                Object {
                  "color": "rgba(28, 27, 31, 1)",
                  "fontSize": 22,
                  "fontWeight": "400",
                  "letterSpacing": 0,
                  "lineHeight": 28,
                },
                Object {
                  "textAlign": "left",
                },
                Object {
                  "writingDirection": "ltr",
                },
                Object {
                  "color": "#008D3E",
                  "fontSize": 14,
                  "fontWeight": "700",
                  "marginLeft": 5,
                },
              ]
            }
            testID="productPrice"
          >
            $12.00
          </Text>
        </View>
      </View>
      <View
        style={
          Array [
            Object {
              "backgroundColor": "rgba(231, 224, 236, 1)",
              "height": 0.5,
            },
            undefined,
            false,
            false,
            Object {
              "marginVertical": 10,
            },
          ]
        }
      />
    </View>
    <View>
      <View
        style={
          Object {
            "flexDirection": "row",
            "justifyContent": "space-between",
          }
        }
      >
        <View
          style={
            Object {
              "flexDirection": "row",
            }
          }
        >
          <Image
            source={
              Object {
                "uri": "https://burst.shopifycdn.com/photos/red-and-green-gooseberries-against-white.jpg?width=373&format=pjpg&exif=1&iptc=1",
              }
            }
            style={
              Object {
                "height": 250,
                "width": 240,
              }
            }
            testID="basketProductImage"
          />
          <View
            style={
              Object {
                "flexDirection": "column",
                "justifyContent": "space-between",
                "marginHorizontal": 15,
              }
            }
          >
            <View>
              <Text
                style={
                  Array [
                    Object {
                      "color": "rgba(28, 27, 31, 1)",
                      "fontSize": 22,
                      "fontWeight": "400",
                      "letterSpacing": 0,
                      "lineHeight": 28,
                    },
                    Object {
                      "textAlign": "left",
                    },
                    Object {
                      "writingDirection": "ltr",
                    },
                    Object {
                      "color": "#364A15",
                      "fontSize": 14,
                      "fontWeight": "900",
                    },
                  ]
                }
                testID="productName"
              >
                Capsicum mixed
              </Text>
              <Text
                style={
                  Array [
                    Object {
                      "color": "rgba(28, 27, 31, 1)",
                      "fontSize": 22,
                      "fontWeight": "400",
                      "letterSpacing": 0,
                      "lineHeight": 28,
                    },
                    Object {
                      "textAlign": "left",
                    },
                    Object {
                      "writingDirection": "ltr",
                    },
                    Object {
                      "color": "#808080",
                      "fontSize": 12,
                      "fontWeight": "400",
                    },
                  ]
                }
                testID="productPacking"
              >
                500 gms
              </Text>
            </View>
            <View
              style={
                Object {
                  "alignItems": "center",
                  "backgroundColor": "#F1F9F4",
                  "flexDirection": "row",
                  "height": 42,
                  "justifyContent": "center",
                  "width": 120,
                }
              }
            >
              <View
                collapsable={false}
                style={
                  Object {
                    "shadowColor": "#000",
                    "shadowOffset": Object {
                      "height": 0,
                      "width": 0,
                    },
                    "shadowOpacity": 0,
                    "shadowRadius": 0,
                  }
                }
              >
                <View
                  collapsable={false}
                  style={
                    Object {
                      "shadowColor": "#000",
                      "shadowOffset": Object {
                        "height": 0,
                        "width": 0,
                      },
                      "shadowOpacity": 0,
                      "shadowRadius": 0,
                    }
                  }
                >
                  <View
                    collapsable={false}
                    style={
                      Object {
                        "backgroundColor": undefined,
                        "borderColor": "rgba(121, 116, 126, 1)",
                        "borderRadius": 0,
                        "borderWidth": 0,
                        "elevation": 0,
                        "height": 42,
                        "margin": 6,
                        "overflow": "hidden",
                        "width": 36,
                      }
                    }
                  >
                    <View
                      accessibilityRole="button"
                      accessibilityState={
                        Object {
                          "disabled": false,
                        }
                      }
                      accessible={true}
                      focusable={true}
                      hitSlop={
                        Object {
                          "bottom": 6,
                          "left": 6,
                          "right": 6,
                          "top": 6,
                        }
                      }
                      onClick={[Function]}
                      onResponderGrant={[Function]}
                      onResponderMove={[Function]}
                      onResponderRelease={[Function]}
                      onResponderTerminate={[Function]}
                      onResponderTerminationRequest={[Function]}
                      onStartShouldSetResponder={[Function]}
                      style={
                        Array [
                          Object {
                            "overflow": "hidden",
                          },
                          Object {
                            "alignItems": "center",
                            "flexGrow": 1,
                            "justifyContent": "center",
                          },
                        ]
                      }
                    >
                      <Text
                        accessibilityElementsHidden={true}
                        allowFontScaling={false}
                        importantForAccessibility="no-hide-descendants"
                        pointerEvents="none"
                        selectable={false}
                        style={
                          Array [
                            Object {
                              "color": "#008D3E",
                              "fontSize": 20,
                            },
                            Array [
                              Object {
                                "lineHeight": 20,
                                "transform": Array [
                                  Object {
                                    "scaleX": 1,
                                  },
                                ],
                              },
                              Object {
                                "backgroundColor": "transparent",
                              },
                            ],
                            Object {
                              "fontFamily": "Material Design Icons",
                              "fontStyle": "normal",
                              "fontWeight": "normal",
                            },
                            Object {},
                          ]
                        }
                      >
                        Û∞ç¥
                      </Text>
                    </View>
                  </View>
                </View>
              </View>
              <Text
                style={
                  Array [
                    Object {
                      "color": "rgba(28, 27, 31, 1)",
                    },
                    Object {
                      "textAlign": "left",
                    },
                    Object {
                      "color": "#364A15",
                      "fontSize": 14,
                      "fontWeight": "600",
                      "marginHorizontal": 5,
                    },
                  ]
                }
              >
                2
              </Text>
              <View
                collapsable={false}
                style={
                  Object {
                    "shadowColor": "#000",
                    "shadowOffset": Object {
                      "height": 0,
                      "width": 0,
                    },
                    "shadowOpacity": 0,
                    "shadowRadius": 0,
                  }
                }
              >
                <View
                  collapsable={false}
                  style={
                    Object {
                      "shadowColor": "#000",
                      "shadowOffset": Object {
                        "height": 0,
                        "width": 0,
                      },
                      "shadowOpacity": 0,
                      "shadowRadius": 0,
                    }
                  }
                >
                  <View
                    collapsable={false}
                    style={
                      Object {
                        "backgroundColor": undefined,
                        "borderColor": "rgba(121, 116, 126, 1)",
                        "borderRadius": 0,
                        "borderWidth": 0,
                        "elevation": 0,
                        "height": 42,
                        "margin": 6,
                        "overflow": "hidden",
                        "width": 36,
                      }
                    }
                  >
                    <View
                      accessibilityRole="button"
                      accessibilityState={
                        Object {
                          "disabled": false,
                        }
                      }
                      accessible={true}
                      focusable={true}
                      hitSlop={
                        Object {
                          "bottom": 6,
                          "left": 6,
                          "right": 6,
                          "top": 6,
                        }
                      }
                      onClick={[Function]}
                      onResponderGrant={[Function]}
                      onResponderMove={[Function]}
                      onResponderRelease={[Function]}
                      onResponderTerminate={[Function]}
                      onResponderTerminationRequest={[Function]}
                      onStartShouldSetResponder={[Function]}
                      style={
                        Array [
                          Object {
                            "overflow": "hidden",
                          },
                          Object {
                            "alignItems": "center",
                            "flexGrow": 1,
                            "justifyContent": "center",
                          },
                        ]
                      }
                    >
                      <Text
                        accessibilityElementsHidden={true}
                        allowFontScaling={false}
                        importantForAccessibility="no-hide-descendants"
                        pointerEvents="none"
                        selectable={false}
                        style={
                          Array [
                            Object {
                              "color": "#008D3E",
                              "fontSize": 20,
                            },
                            Array [
                              Object {
                                "lineHeight": 20,
                                "transform": Array [
                                  Object {
                                    "scaleX": 1,
                                  },
                                ],
                              },
                              Object {
                                "backgroundColor": "transparent",
                              },
                            ],
                            Object {
                              "fontFamily": "Material Design Icons",
                              "fontStyle": "normal",
                              "fontWeight": "normal",
                            },
                            Object {},
                          ]
                        }
                      >
                        Û∞êï
                      </Text>
                    </View>
                  </View>
                </View>
              </View>
            </View>
          </View>
        </View>
        <View
          style={
            Object {
              "alignContent": "flex-end",
              "alignItems": "flex-end",
              "flexDirection": "row",
            }
          }
        >
          <Text
            style={
              Array [
                Object {
                  "color": "rgba(28, 27, 31, 1)",
                  "fontSize": 22,
                  "fontWeight": "400",
                  "letterSpacing": 0,
                  "lineHeight": 28,
                },
                Object {
                  "textAlign": "left",
                },
                Object {
                  "writingDirection": "ltr",
                },
                Object {
                  "color": "#008D3E",
                  "fontSize": 14,
                  "fontWeight": "700",
                  "marginLeft": 5,
                },
              ]
            }
            testID="productPrice"
          >
            $23.00
          </Text>
        </View>
      </View>
      <View
        style={
          Array [
            Object {
              "backgroundColor": "rgba(231, 224, 236, 1)",
              "height": 0.5,
            },
            undefined,
            false,
            false,
            Object {
              "marginVertical": 10,
            },
          ]
        }
      />
    </View>
  </View>
</View>
`;
