// Jest Snapshot v1, https://goo.gl/fbAQLP

exports[`header should render the item 1`] = `
<View
  testID="header"
>
  <RCTSafeAreaView
    emulateUnlessSupported={true}
    style={
      Array [
        Object {
          "backgroundColor": "rgba(255, 251, 254, 1)",
          "elevation": 0,
          "paddingTop": 0,
          "zIndex": 0,
        },
        Object {},
      ]
    }
  >
    <View
      collapsable={false}
      style={
        Object {
          "shadowColor": "#000",
          "shadowOffset": Object {
            "height": 0,
            "width": 0,
          },
          "shadowOpacity": 0,
          "shadowRadius": 0,
        }
      }
    >
      <View
        collapsable={false}
        style={
          Object {
            "shadowColor": "#000",
            "shadowOffset": Object {
              "height": 0,
              "width": 0,
            },
            "shadowOpacity": 0,
            "shadowRadius": 0,
          }
        }
      >
        <View
          collapsable={false}
          style={
            Object {
              "alignItems": "center",
              "backgroundColor": "rgba(255, 251, 254, 1)",
              "flexDirection": "row",
              "height": 64,
              "paddingHorizontal": 4,
            }
          }
        >
          <View
            style={
              Array [
                Object {
                  "flex": 1,
                  "flexDirection": "column",
                  "paddingTop": 8,
                },
                Object {
                  "paddingTop": 0,
                },
              ]
            }
          >
            <View
              style={
                Object {
                  "alignItems": "center",
                  "flex": 1,
                  "flexDirection": "row",
                  "justifyContent": "space-between",
                }
              }
            >
              <View
                style={
                  Object {
                    "flex": 1,
                    "flexDirection": "row",
                    "justifyContent": "flex-end",
                  }
                }
              >
                <View
                  collapsable={false}
                  style={
                    Object {
                      "shadowColor": "#000",
                      "shadowOffset": Object {
                        "height": 0,
                        "width": 0,
                      },
                      "shadowOpacity": 0,
                      "shadowRadius": 0,
                    }
                  }
                >
                  <View
                    collapsable={false}
                    style={
                      Object {
                        "shadowColor": "#000",
                        "shadowOffset": Object {
                          "height": 0,
                          "width": 0,
                        },
                        "shadowOpacity": 0,
                        "shadowRadius": 0,
                      }
                    }
                  >
                    <View
                      collapsable={false}
                      style={
                        Object {
                          "backgroundColor": undefined,
                          "borderColor": "rgba(121, 116, 126, 1)",
                          "borderRadius": 20,
                          "borderWidth": 0,
                          "elevation": 0,
                          "height": 40,
                          "margin": 6,
                          "overflow": "hidden",
                          "width": 40,
                        }
                      }
                    >
                      <View
                        accessibilityRole="button"
                        accessibilityState={
                          Object {
                            "disabled": true,
                          }
                        }
                        accessible={true}
                        focusable={false}
                        hitSlop={
                          Object {
                            "bottom": 6,
                            "left": 6,
                            "right": 6,
                            "top": 6,
                          }
                        }
                        onClick={[Function]}
                        onResponderGrant={[Function]}
                        onResponderMove={[Function]}
                        onResponderRelease={[Function]}
                        onResponderTerminate={[Function]}
                        onResponderTerminationRequest={[Function]}
                        onStartShouldSetResponder={[Function]}
                        style={
                          Array [
                            Object {
                              "overflow": "hidden",
                            },
                            Object {
                              "alignItems": "center",
                              "flexGrow": 1,
                              "justifyContent": "center",
                            },
                          ]
                        }
                        testID="leftOnHandler"
                      >
                        <View
                          style={
                            Array [
                              Object {
                                "alignItems": "center",
                                "justifyContent": "center",
                              },
                              Object {
                                "height": 24,
                                "width": 24,
                              },
                            ]
                          }
                        >
                          <View
                            collapsable={false}
                            style={
                              Object {
                                "bottom": 0,
                                "left": 0,
                                "opacity": 1,
                                "position": "absolute",
                                "right": 0,
                                "top": 0,
                                "transform": Array [
                                  Object {
                                    "rotate": "0deg",
                                  },
                                ],
                              }
                            }
                          >
                            <Text
                              accessibilityElementsHidden={true}
                              allowFontScaling={false}
                              importantForAccessibility="no-hide-descendants"
                              pointerEvents="none"
                              selectable={false}
                              style={
                                Array [
                                  Object {
                                    "color": "rgba(73, 69, 79, 1)",
                                    "fontSize": 24,
                                  },
                                  Array [
                                    Object {
                                      "lineHeight": 24,
                                      "transform": Array [
                                        Object {
                                          "scaleX": 1,
                                        },
                                      ],
                                    },
                                    Object {
                                      "backgroundColor": "transparent",
                                    },
                                  ],
                                  Object {
                                    "fontFamily": "Material Design Icons",
                                    "fontStyle": "normal",
                                    "fontWeight": "normal",
                                  },
                                  Object {},
                                ]
                              }
                            >
                              Û∞çú
                            </Text>
                          </View>
                        </View>
                      </View>
                    </View>
                  </View>
                </View>
              </View>
            </View>
            <View
              accessibilityState={
                Object {
                  "disabled": true,
                }
              }
              accessible={true}
              focusable={false}
              onClick={[Function]}
              onResponderGrant={[Function]}
              onResponderMove={[Function]}
              onResponderRelease={[Function]}
              onResponderTerminate={[Function]}
              onResponderTerminationRequest={[Function]}
              onStartShouldSetResponder={[Function]}
              pointerEvents="box-none"
              style={
                Array [
                  Object {
                    "flex": 1,
                    "paddingHorizontal": 12,
                  },
                  Object {
                    "paddingHorizontal": 0,
                  },
                  Array [
                    Object {
                      "marginLeft": 12,
                    },
                    Object {
                      "alignItems": "center",
                      "bottom": 0,
                      "justifyContent": "center",
                      "left": 0,
                      "position": "absolute",
                      "right": 0,
                      "top": 0,
                    },
                    Array [
                      false,
                    ],
                  ],
                ]
              }
            >
              <Text
                accessibilityRole="header"
                accessible={true}
                numberOfLines={1}
                style={
                  Array [
                    Object {
                      "color": "rgba(28, 27, 31, 1)",
                      "fontSize": 22,
                      "fontWeight": "400",
                      "letterSpacing": 0,
                      "lineHeight": 28,
                    },
                    Object {
                      "textAlign": "left",
                    },
                    Object {
                      "writingDirection": "ltr",
                    },
                    Array [
                      Object {
                        "color": "rgba(28, 27, 31, 1)",
                        "fontFamily": "System",
                        "fontSize": 22,
                        "fontWeight": "400",
                        "letterSpacing": 0,
                        "lineHeight": 28,
                      },
                      false,
                      undefined,
                    ],
                  ]
                }
              >
                Header title
              </Text>
            </View>
          </View>
        </View>
      </View>
    </View>
  </RCTSafeAreaView>
</View>
`;
