// Jest Snapshot v1, https://goo.gl/fbAQLP

exports[`PaymentMethodSelection should render the item 1`] = `
<View
  style={
    Object {
      "marginHorizontal": 10,
    }
  }
  testID="paymentMethodSelection"
>
  <Text
    style={
      Array [
        Object {
          "color": "rgba(28, 27, 31, 1)",
        },
        Object {
          "textAlign": "left",
        },
        Object {
          "color": "#364A15",
          "fontSize": 16,
          "fontWeight": "600",
        },
      ]
    }
  >
    Payment Method
  </Text>
  <View
    collapsable={false}
    style={
      Object {
        "shadowColor": "#000",
        "shadowOffset": Object {
          "height": 1,
          "width": 0,
        },
        "shadowOpacity": 0.15,
        "shadowRadius": 3,
      }
    }
  >
    <View
      collapsable={false}
      style={
        Object {
          "shadowColor": "#000",
          "shadowOffset": Object {
            "height": 1,
            "width": 0,
          },
          "shadowOpacity": 0.3,
          "shadowRadius": 1,
        }
      }
    >
      <View
        collapsable={false}
        style={
          Object {
            "backgroundColor": "rgba(255, 251, 254, 1)",
            "borderColor": "#E3E2E7",
            "borderRadius": 4,
            "borderWidth": 1,
            "elevation": 1,
            "marginVertical": 5,
          }
        }
      >
        <View
          accessibilityState={
            Object {
              "disabled": true,
            }
          }
          accessible={true}
          focusable={false}
          onClick={[Function]}
          onResponderGrant={[Function]}
          onResponderMove={[Function]}
          onResponderRelease={[Function]}
          onResponderTerminate={[Function]}
          onResponderTerminationRequest={[Function]}
          onStartShouldSetResponder={[Function]}
          style={
            Object {
              "flexGrow": 1,
              "flexShrink": 1,
            }
          }
        >
          <View
            style={
              Array [
                Object {
                  "paddingHorizontal": 16,
                },
                Object {
                  "paddingVertical": 16,
                },
                undefined,
              ]
            }
          >
            <View>
              <View
                accessible={true}
                collapsable={false}
                focusable={true}
                onBlur={[Function]}
                onClick={[Function]}
                onFocus={[Function]}
                onResponderGrant={[Function]}
                onResponderMove={[Function]}
                onResponderRelease={[Function]}
                onResponderTerminate={[Function]}
                onResponderTerminationRequest={[Function]}
                onStartShouldSetResponder={[Function]}
              >
                <View
                  style={
                    Object {
                      "flexDirection": "row",
                      "marginVertical": 7,
                    }
                  }
                >
                  <Text
                    allowFontScaling={false}
                    selectable={false}
                    style={
                      Array [
                        Object {
                          "color": "#008D3E",
                          "fontSize": 18,
                        },
                        undefined,
                        Object {
                          "fontFamily": "Material Design Icons",
                          "fontStyle": "normal",
                          "fontWeight": "normal",
                        },
                        Object {},
                      ]
                    }
                  >
                    󰝦
                  </Text>
                  <Text
                    style={
                      Array [
                        Object {
                          "color": "rgba(28, 27, 31, 1)",
                        },
                        Object {
                          "textAlign": "left",
                        },
                        Object {
                          "color": "#364A15",
                          "fontSize": 14,
                          "fontWeight": "400",
                          "marginLeft": 10,
                        },
                      ]
                    }
                  >
                    Credit / Debit Card
                  </Text>
                </View>
              </View>
              <View
                style={
                  Array [
                    Object {
                      "backgroundColor": "rgba(231, 224, 236, 1)",
                      "height": 0.5,
                    },
                    undefined,
                    false,
                    false,
                    Object {
                      "backgroundColor": "#E3E2E7",
                      "marginVertical": 3,
                    },
                  ]
                }
              />
            </View>
            <View>
              <View
                accessible={true}
                collapsable={false}
                focusable={true}
                onBlur={[Function]}
                onClick={[Function]}
                onFocus={[Function]}
                onResponderGrant={[Function]}
                onResponderMove={[Function]}
                onResponderRelease={[Function]}
                onResponderTerminate={[Function]}
                onResponderTerminationRequest={[Function]}
                onStartShouldSetResponder={[Function]}
              >
                <View
                  style={
                    Object {
                      "flexDirection": "row",
                      "marginVertical": 7,
                    }
                  }
                >
                  <Text
                    allowFontScaling={false}
                    selectable={false}
                    style={
                      Array [
                        Object {
                          "color": "#008D3E",
                          "fontSize": 18,
                        },
                        undefined,
                        Object {
                          "fontFamily": "Material Design Icons",
                          "fontStyle": "normal",
                          "fontWeight": "normal",
                        },
                        Object {},
                      ]
                    }
                  >
                    󰝦
                  </Text>
                  <Text
                    style={
                      Array [
                        Object {
                          "color": "rgba(28, 27, 31, 1)",
                        },
                        Object {
                          "textAlign": "left",
                        },
                        Object {
                          "color": "#364A15",
                          "fontSize": 14,
                          "fontWeight": "400",
                          "marginLeft": 10,
                        },
                      ]
                    }
                  >
                    Cash on delivery
                  </Text>
                </View>
              </View>
              <View
                style={
                  Array [
                    Object {
                      "backgroundColor": "rgba(231, 224, 236, 1)",
                      "height": 0.5,
                    },
                    undefined,
                    false,
                    false,
                    Object {
                      "backgroundColor": "#E3E2E7",
                      "marginVertical": 3,
                    },
                  ]
                }
              />
            </View>
            <View>
              <View
                accessible={true}
                collapsable={false}
                focusable={true}
                onBlur={[Function]}
                onClick={[Function]}
                onFocus={[Function]}
                onResponderGrant={[Function]}
                onResponderMove={[Function]}
                onResponderRelease={[Function]}
                onResponderTerminate={[Function]}
                onResponderTerminationRequest={[Function]}
                onStartShouldSetResponder={[Function]}
              >
                <View
                  style={
                    Object {
                      "flexDirection": "row",
                      "marginVertical": 7,
                    }
                  }
                >
                  <Text
                    allowFontScaling={false}
                    selectable={false}
                    style={
                      Array [
                        Object {
                          "color": "#008D3E",
                          "fontSize": 18,
                        },
                        undefined,
                        Object {
                          "fontFamily": "Material Design Icons",
                          "fontStyle": "normal",
                          "fontWeight": "normal",
                        },
                        Object {},
                      ]
                    }
                  >
                    󰝦
                  </Text>
                  <Text
                    style={
                      Array [
                        Object {
                          "color": "rgba(28, 27, 31, 1)",
                        },
                        Object {
                          "textAlign": "left",
                        },
                        Object {
                          "color": "#364A15",
                          "fontSize": 14,
                          "fontWeight": "400",
                          "marginLeft": 10,
                        },
                      ]
                    }
                  >
                    Wallet
                  </Text>
                </View>
              </View>
              <View
                style={
                  Array [
                    Object {
                      "backgroundColor": "rgba(231, 224, 236, 1)",
                      "height": 0.5,
                    },
                    undefined,
                    false,
                    false,
                    Object {
                      "backgroundColor": "#E3E2E7",
                      "marginVertical": 3,
                    },
                  ]
                }
              />
            </View>
          </View>
        </View>
      </View>
    </View>
  </View>
</View>
`;
