// Jest Snapshot v1, https://goo.gl/fbAQLP

exports[`DeliveringSection should render the item 1`] = `
<View
  accessible={true}
  focusable={true}
  onClick={[Function]}
  onResponderGrant={[Function]}
  onResponderMove={[Function]}
  onResponderRelease={[Function]}
  onResponderTerminate={[Function]}
  onResponderTerminationRequest={[Function]}
  onStartShouldSetResponder={[Function]}
  testID="deliveringSelection"
>
  <View
    style={
      Array [
        Object {
          "borderRadius": 12,
          "display": "flex",
          "flexDirection": "row",
          "paddingHorizontal": 6,
          "paddingVertical": 0,
        },
        Object {
          "backgroundColor": "rgba(234, 221, 255, 1)",
          "borderColor": "rgba(103, 80, 164, 1)",
          "borderRadius": 4,
          "borderStyle": "solid",
          "borderWidth": 1,
        },
      ]
    }
  >
    <View
      style={
        Object {
          "alignContent": "center",
          "alignItems": "center",
          "display": "flex",
          "justifyContent": "center",
          "width": 38,
        }
      }
    >
      <Text
        allowFontScaling={false}
        selectable={false}
        style={
          Array [
            Object {
              "color": "rgba(103, 80, 164, 1)",
              "fontSize": 24,
            },
            undefined,
            Object {
              "fontFamily": "Material Design Icons",
              "fontStyle": "normal",
              "fontWeight": "normal",
            },
            Object {},
          ]
        }
      >
        󰍎
      </Text>
    </View>
    <View
      style={
        Object {
          "display": "flex",
          "flexDirection": "column",
          "justifyContent": "center",
        }
      }
    >
      <Text
        style={
          Array [
            Object {
              "color": "rgba(28, 27, 31, 1)",
              "fontSize": 12,
              "fontWeight": "500",
              "letterSpacing": 0.5,
              "lineHeight": 16,
            },
            Object {
              "textAlign": "left",
            },
            Object {
              "writingDirection": "ltr",
            },
            undefined,
          ]
        }
      >
        Delivering to
      </Text>
      <Text
        style={
          Array [
            Object {
              "color": "rgba(28, 27, 31, 1)",
              "fontSize": 14,
              "fontWeight": "500",
              "letterSpacing": 0.1,
              "lineHeight": 20,
            },
            Object {
              "textAlign": "left",
            },
            Object {
              "writingDirection": "ltr",
            },
            undefined,
          ]
        }
      >
        Dubai
         - 
        India
      </Text>
    </View>
    <View
      style={
        Object {
          "flexGrow": 1,
        }
      }
    />
    <View
      collapsable={false}
      style={
        Object {
          "shadowColor": "#000",
          "shadowOffset": Object {
            "height": 0,
            "width": 0,
          },
          "shadowOpacity": 0,
          "shadowRadius": 0,
        }
      }
    >
      <View
        collapsable={false}
        style={
          Object {
            "shadowColor": "#000",
            "shadowOffset": Object {
              "height": 0,
              "width": 0,
            },
            "shadowOpacity": 0,
            "shadowRadius": 0,
          }
        }
      >
        <View
          collapsable={false}
          style={
            Object {
              "backgroundColor": undefined,
              "borderColor": "rgba(121, 116, 126, 1)",
              "borderRadius": 20,
              "borderWidth": 0,
              "elevation": 0,
              "height": 40,
              "margin": 6,
              "overflow": "hidden",
              "width": 40,
            }
          }
        >
          <View
            accessibilityRole="button"
            accessibilityState={
              Object {
                "disabled": false,
              }
            }
            accessible={true}
            focusable={true}
            hitSlop={
              Object {
                "bottom": 6,
                "left": 6,
                "right": 6,
                "top": 6,
              }
            }
            onClick={[Function]}
            onResponderGrant={[Function]}
            onResponderMove={[Function]}
            onResponderRelease={[Function]}
            onResponderTerminate={[Function]}
            onResponderTerminationRequest={[Function]}
            onStartShouldSetResponder={[Function]}
            style={
              Array [
                Object {
                  "overflow": "hidden",
                },
                Object {
                  "alignItems": "center",
                  "flexGrow": 1,
                  "justifyContent": "center",
                },
              ]
            }
          >
            <Text
              accessibilityElementsHidden={true}
              allowFontScaling={false}
              importantForAccessibility="no-hide-descendants"
              pointerEvents="none"
              selectable={false}
              style={
                Array [
                  Object {
                    "color": "rgba(103, 80, 164, 1)",
                    "fontSize": 24,
                  },
                  Array [
                    Object {
                      "lineHeight": 24,
                      "transform": Array [
                        Object {
                          "scaleX": 1,
                        },
                      ],
                    },
                    Object {
                      "backgroundColor": "transparent",
                    },
                  ],
                  Object {
                    "fontFamily": "Material Design Icons",
                    "fontStyle": "normal",
                    "fontWeight": "normal",
                  },
                  Object {},
                ]
              }
            >
              󰅂
            </Text>
          </View>
        </View>
      </View>
    </View>
  </View>
</View>
`;
